Debugger listening on ws://127.0.0.1:59944/bc81cd81-e417-42a0-86ef-ee352171319b
For help, see: https://nodejs.org/en/docs/inspector
Debugger attached.

> backend@1.0.0 build
> tsc -p tsconfig.json

Debugger listening on ws://127.0.0.1:59947/9ec00a8c-944d-4697-8027-e4c2a5a1b59c
For help, see: https://nodejs.org/en/docs/inspector
Debugger attached.
src/redis-adapter.ts(60,46): error TS2345: Argument of type 'RedisClientType<{ json: { ARRAPPEND: { readonly IS_READ_ONLY: false; readonly parseCommand: (this: void, parser: CommandParser, key: RedisArgument, path: RedisArgument, json: RedisJSON, ...jsons: RedisJSON[]) => void; readonly transformReply: () => NumberReply<...> | ArrayReply<...>; }; ... 44 more ...; type: { ...;...' is not assignable to parameter of type 'RedisClientType'.
  Type 'RedisClientType<{ json: { ARRAPPEND: { readonly IS_READ_ONLY: false; readonly parseCommand: (this: void, parser: CommandParser, key: RedisArgument, path: RedisArgument, json: RedisJSON, ...jsons: RedisJSON[]) => void; readonly transformReply: () => NumberReply<...> | ArrayReply<...>; }; ... 44 more ...; type: { ...;...' is not assignable to type 'RedisClient<{ json: { ARRAPPEND: { readonly IS_READ_ONLY: false; readonly parseCommand: (this: void, parser: CommandParser, key: RedisArgument, path: RedisArgument, json: RedisJSON, ...jsons: RedisJSON[]) => void; readonly transformReply: () => NumberReply<...> | ArrayReply<...>; }; ... 44 more ...; type: { ...; }; ...'.
    Types of property 'options' are incompatible.
      Type 'import("/Users/dannielnavas/Documents/siteprojects/new-d20/backend/node_modules/@redis/client/dist/lib/client/index").RedisClientOptions<{ json: { ARRAPPEND: { readonly IS_READ_ONLY: false; readonly parseCommand: (this: void, parser: import("/Users/dannielnavas/Documents/siteprojects/new-d20/backend/node_modules/@re...' is not assignable to type 'import("/Users/dannielnavas/Documents/siteprojects/new-d20/backend/node_modules/@redis/client/dist/lib/client/index").RedisClientOptions<{ json: { ARRAPPEND: { readonly IS_READ_ONLY: false; readonly parseCommand: (this: void, parser: import("/Users/dannielnavas/Documents/siteprojects/new-d20/backend/node_modules/@re...'. Two different types with this name exist, but they are unrelated.
        Type 'RespVersions' is not assignable to type '2'.
          Type '3' is not assignable to type '2'.
src/redis-adapter.ts(60,73): error TS2345: Argument of type 'RedisClientType<{ json: { ARRAPPEND: { readonly IS_READ_ONLY: false; readonly parseCommand: (this: void, parser: CommandParser, key: RedisArgument, path: RedisArgument, json: RedisJSON, ...jsons: RedisJSON[]) => void; readonly transformReply: () => NumberReply<...> | ArrayReply<...>; }; ... 44 more ...; type: { ...;...' is not assignable to parameter of type 'RedisClientType'.
  Type 'RedisClientType<{ json: { ARRAPPEND: { readonly IS_READ_ONLY: false; readonly parseCommand: (this: void, parser: CommandParser, key: RedisArgument, path: RedisArgument, json: RedisJSON, ...jsons: RedisJSON[]) => void; readonly transformReply: () => NumberReply<...> | ArrayReply<...>; }; ... 44 more ...; type: { ...;...' is not assignable to type 'RedisClient<{ json: { ARRAPPEND: { readonly IS_READ_ONLY: false; readonly parseCommand: (this: void, parser: CommandParser, key: RedisArgument, path: RedisArgument, json: RedisJSON, ...jsons: RedisJSON[]) => void; readonly transformReply: () => NumberReply<...> | ArrayReply<...>; }; ... 44 more ...; type: { ...; }; ...'.
    Types of property 'options' are incompatible.
      Type 'import("/Users/dannielnavas/Documents/siteprojects/new-d20/backend/node_modules/@redis/client/dist/lib/client/index").RedisClientOptions<{ json: { ARRAPPEND: { readonly IS_READ_ONLY: false; readonly parseCommand: (this: void, parser: import("/Users/dannielnavas/Documents/siteprojects/new-d20/backend/node_modules/@re...' is not assignable to type 'import("/Users/dannielnavas/Documents/siteprojects/new-d20/backend/node_modules/@redis/client/dist/lib/client/index").RedisClientOptions<{ json: { ARRAPPEND: { readonly IS_READ_ONLY: false; readonly parseCommand: (this: void, parser: import("/Users/dannielnavas/Documents/siteprojects/new-d20/backend/node_modules/@re...'. Two different types with this name exist, but they are unrelated.
        Type 'RespVersions' is not assignable to type '2'.
          Type '3' is not assignable to type '2'.
src/redis-adapter.ts(92,48): error TS2345: Argument of type 'RedisClientType<{ json: { ARRAPPEND: { readonly IS_READ_ONLY: false; readonly parseCommand: (this: void, parser: CommandParser, key: RedisArgument, path: RedisArgument, json: RedisJSON, ...jsons: RedisJSON[]) => void; readonly transformReply: () => NumberReply<...> | ArrayReply<...>; }; ... 44 more ...; type: { ...;...' is not assignable to parameter of type 'RedisClientType'.
  Type 'RedisClientType<{ json: { ARRAPPEND: { readonly IS_READ_ONLY: false; readonly parseCommand: (this: void, parser: CommandParser, key: RedisArgument, path: RedisArgument, json: RedisJSON, ...jsons: RedisJSON[]) => void; readonly transformReply: () => NumberReply<...> | ArrayReply<...>; }; ... 44 more ...; type: { ...;...' is not assignable to type 'RedisClient<{ json: { ARRAPPEND: { readonly IS_READ_ONLY: false; readonly parseCommand: (this: void, parser: CommandParser, key: RedisArgument, path: RedisArgument, json: RedisJSON, ...jsons: RedisJSON[]) => void; readonly transformReply: () => NumberReply<...> | ArrayReply<...>; }; ... 44 more ...; type: { ...; }; ...'.
    Types of property 'options' are incompatible.
      Type 'import("/Users/dannielnavas/Documents/siteprojects/new-d20/backend/node_modules/@redis/client/dist/lib/client/index").RedisClientOptions<{ json: { ARRAPPEND: { readonly IS_READ_ONLY: false; readonly parseCommand: (this: void, parser: import("/Users/dannielnavas/Documents/siteprojects/new-d20/backend/node_modules/@re...' is not assignable to type 'import("/Users/dannielnavas/Documents/siteprojects/new-d20/backend/node_modules/@redis/client/dist/lib/client/index").RedisClientOptions<{ json: { ARRAPPEND: { readonly IS_READ_ONLY: false; readonly parseCommand: (this: void, parser: import("/Users/dannielnavas/Documents/siteprojects/new-d20/backend/node_modules/@re...'. Two different types with this name exist, but they are unrelated.
        Type 'RespVersions' is not assignable to type '2'.
          Type '3' is not assignable to type '2'.
src/redis-adapter.ts(92,75): error TS2345: Argument of type 'RedisClientType<{ json: { ARRAPPEND: { readonly IS_READ_ONLY: false; readonly parseCommand: (this: void, parser: CommandParser, key: RedisArgument, path: RedisArgument, json: RedisJSON, ...jsons: RedisJSON[]) => void; readonly transformReply: () => NumberReply<...> | ArrayReply<...>; }; ... 44 more ...; type: { ...;...' is not assignable to parameter of type 'RedisClientType'.
  Type 'RedisClientType<{ json: { ARRAPPEND: { readonly IS_READ_ONLY: false; readonly parseCommand: (this: void, parser: CommandParser, key: RedisArgument, path: RedisArgument, json: RedisJSON, ...jsons: RedisJSON[]) => void; readonly transformReply: () => NumberReply<...> | ArrayReply<...>; }; ... 44 more ...; type: { ...;...' is not assignable to type 'RedisClient<{ json: { ARRAPPEND: { readonly IS_READ_ONLY: false; readonly parseCommand: (this: void, parser: CommandParser, key: RedisArgument, path: RedisArgument, json: RedisJSON, ...jsons: RedisJSON[]) => void; readonly transformReply: () => NumberReply<...> | ArrayReply<...>; }; ... 44 more ...; type: { ...; }; ...'.
    Types of property 'options' are incompatible.
      Type 'import("/Users/dannielnavas/Documents/siteprojects/new-d20/backend/node_modules/@redis/client/dist/lib/client/index").RedisClientOptions<{ json: { ARRAPPEND: { readonly IS_READ_ONLY: false; readonly parseCommand: (this: void, parser: import("/Users/dannielnavas/Documents/siteprojects/new-d20/backend/node_modules/@re...' is not assignable to type 'import("/Users/dannielnavas/Documents/siteprojects/new-d20/backend/node_modules/@redis/client/dist/lib/client/index").RedisClientOptions<{ json: { ARRAPPEND: { readonly IS_READ_ONLY: false; readonly parseCommand: (this: void, parser: import("/Users/dannielnavas/Documents/siteprojects/new-d20/backend/node_modules/@re...'. Two different types with this name exist, but they are unrelated.
        Type 'RespVersions' is not assignable to type '2'.
          Type '3' is not assignable to type '2'.
Waiting for the debugger to disconnect...
Waiting for the debugger to disconnect...
